// Jest Snapshot v1, https://goo.gl/fbAQLP

exports[`BiometricStatusDisplay Snapshot Tests renders correctly when biometrics are available with FaceID and no keys 1`] = `
<View
  style={
    [
      {
        "backgroundColor": "#FFFFFF",
        "borderRadius": 16,
        "overflow": "hidden",
      },
      {
        "borderWidth": 0,
        "elevation": 8,
        "shadowColor": "#000",
        "shadowOffset": {
          "height": 4,
          "width": 0,
        },
        "shadowOpacity": 0.15,
        "shadowRadius": 8,
      },
      {
        "padding": 24,
      },
      false,
      {
        "marginVertical": 8,
      },
    ]
  }
>
  <Text
    style={
      {
        "color": "#000000",
        "fontSize": 24,
        "fontWeight": "700",
        "lineHeight": 28.799999999999997,
        "marginBottom": 24,
        "textAlign": "center",
      }
    }
  >
    Biometric Status
  </Text>
  <View
    style={
      {
        "gap": 16,
        "marginBottom": 24,
      }
    }
  >
    <View
      style={
        {
          "backgroundColor": "#F9F9FB",
          "borderColor": "#C6C6C8",
          "borderRadius": 12,
          "borderWidth": 1,
          "padding": 16,
        }
      }
    >
      <View
        style={
          {
            "alignItems": "center",
            "flexDirection": "row",
          }
        }
      >
        <View
          style={
            [
              {
                "alignItems": "center",
                "borderRadius": 20,
                "height": 40,
                "justifyContent": "center",
                "marginRight": 16,
                "width": 40,
              },
              {
                "backgroundColor": "#34C75915",
              },
            ]
          }
        >
          <Text
            style={
              {
                "fontSize": 20,
                "textAlign": "center",
              }
            }
          >
            ✅
          </Text>
        </View>
        <View
          style={
            {
              "flex": 1,
            }
          }
        >
          <Text
            style={
              {
                "color": "#6D6D80",
                "fontSize": 14,
                "fontWeight": "500",
                "lineHeight": 19.599999999999998,
                "marginBottom": 4,
              }
            }
          >
            Sensor Availability
          </Text>
          <Text
            style={
              [
                {
                  "color": "#000000",
                  "fontSize": 18,
                  "fontWeight": "600",
                  "lineHeight": 21.599999999999998,
                },
                {
                  "color": "#34C759",
                },
              ]
            }
          >
            Available
          </Text>
        </View>
      </View>
    </View>
    <View
      style={
        {
          "backgroundColor": "#F9F9FB",
          "borderColor": "#C6C6C8",
          "borderRadius": 12,
          "borderWidth": 1,
          "padding": 16,
        }
      }
    >
      <View
        style={
          {
            "alignItems": "center",
            "flexDirection": "row",
          }
        }
      >
        <View
          style={
            [
              {
                "alignItems": "center",
                "borderRadius": 20,
                "height": 40,
                "justifyContent": "center",
                "marginRight": 16,
                "width": 40,
              },
              {
                "backgroundColor": "#007AFF15",
              },
            ]
          }
        >
          <Text
            style={
              {
                "fontSize": 20,
                "textAlign": "center",
              }
            }
          >
            👤
          </Text>
        </View>
        <View
          style={
            {
              "flex": 1,
            }
          }
        >
          <Text
            style={
              {
                "color": "#6D6D80",
                "fontSize": 14,
                "fontWeight": "500",
                "lineHeight": 19.599999999999998,
                "marginBottom": 4,
              }
            }
          >
            Sensor Type
          </Text>
          <Text
            style={
              [
                {
                  "color": "#000000",
                  "fontSize": 18,
                  "fontWeight": "600",
                  "lineHeight": 21.599999999999998,
                },
                {
                  "color": "#007AFF",
                },
              ]
            }
          >
            Face ID
          </Text>
        </View>
      </View>
    </View>
    <View
      style={
        {
          "backgroundColor": "#F9F9FB",
          "borderColor": "#C6C6C8",
          "borderRadius": 12,
          "borderWidth": 1,
          "padding": 16,
        }
      }
    >
      <View
        style={
          {
            "alignItems": "center",
            "flexDirection": "row",
          }
        }
      >
        <View
          style={
            [
              {
                "alignItems": "center",
                "borderRadius": 20,
                "height": 40,
                "justifyContent": "center",
                "marginRight": 16,
                "width": 40,
              },
              {
                "backgroundColor": "#007AFF15",
              },
            ]
          }
        >
          <Text
            style={
              {
                "fontSize": 20,
                "textAlign": "center",
              }
            }
          >
            🚫
          </Text>
        </View>
        <View
          style={
            {
              "flex": 1,
            }
          }
        >
          <Text
            style={
              {
                "color": "#6D6D80",
                "fontSize": 14,
                "fontWeight": "500",
                "lineHeight": 19.599999999999998,
                "marginBottom": 4,
              }
            }
          >
            Biometric Keys
          </Text>
          <Text
            style={
              [
                {
                  "color": "#000000",
                  "fontSize": 18,
                  "fontWeight": "600",
                  "lineHeight": 21.599999999999998,
                },
                {
                  "color": "#007AFF",
                },
              ]
            }
          >
            No Keys Found
          </Text>
        </View>
      </View>
    </View>
  </View>
  <View
    style={
      [
        {
          "backgroundColor": "#FFFFFF",
          "borderRadius": 16,
          "overflow": "hidden",
        },
        {
          "borderColor": "#C6C6C8",
          "borderWidth": 2,
          "elevation": 2,
          "shadowColor": "#000",
          "shadowOffset": {
            "height": 1,
            "width": 0,
          },
          "shadowOpacity": 0.1,
          "shadowRadius": 2,
        },
        {
          "padding": 16,
        },
        false,
        {
          "backgroundColor": "#007AFF08",
          "borderColor": "#007AFF",
        },
      ]
    }
  >
    <Text
      style={
        {
          "color": "#007AFF",
          "fontSize": 18,
          "fontWeight": "600",
          "lineHeight": 21.599999999999998,
          "marginBottom": 16,
        }
      }
    >
      Capability Summary
    </Text>
    <View
      style={
        {
          "gap": 8,
        }
      }
    >
      <View
        style={
          {
            "alignItems": "center",
            "flexDirection": "row",
          }
        }
      >
        <View
          style={
            [
              {
                "alignItems": "center",
                "borderRadius": 16,
                "height": 32,
                "justifyContent": "center",
                "marginRight": 16,
                "width": 32,
              },
              {
                "backgroundColor": "#34C75915",
              },
            ]
          }
        >
          <Text
            style={
              {
                "fontSize": 16,
                "textAlign": "center",
              }
            }
          >
            ✅
          </Text>
        </View>
        <Text
          style={
            {
              "color": "#000000",
              "flex": 1,
              "fontSize": 16,
              "lineHeight": 22.4,
            }
          }
        >
          Biometric authentication 
          supported
        </Text>
      </View>
      <View
        style={
          {
            "alignItems": "center",
            "flexDirection": "row",
          }
        }
      >
        <View
          style={
            [
              {
                "alignItems": "center",
                "borderRadius": 16,
                "height": 32,
                "justifyContent": "center",
                "marginRight": 16,
                "width": 32,
              },
              {
                "backgroundColor": "#FF950015",
              },
            ]
          }
        >
          <Text
            style={
              {
                "fontSize": 16,
                "textAlign": "center",
              }
            }
          >
            ⚠️
          </Text>
        </View>
        <Text
          style={
            {
              "color": "#000000",
              "flex": 1,
              "fontSize": 16,
              "lineHeight": 22.4,
            }
          }
        >
          Enrollment required
        </Text>
      </View>
      <View
        style={
          {
            "alignItems": "center",
            "flexDirection": "row",
          }
        }
      >
        <View
          style={
            [
              {
                "alignItems": "center",
                "borderRadius": 16,
                "height": 32,
                "justifyContent": "center",
                "marginRight": 16,
                "width": 32,
              },
              {
                "backgroundColor": "#007AFF15",
              },
            ]
          }
        >
          <Text
            style={
              {
                "fontSize": 16,
                "textAlign": "center",
              }
            }
          >
            💡
          </Text>
        </View>
        <Text
          style={
            {
              "color": "#000000",
              "flex": 1,
              "fontSize": 16,
              "lineHeight": 22.4,
            }
          }
        >
          Tap "Enroll" to create biometric keys
        </Text>
      </View>
    </View>
  </View>
</View>
`;

exports[`BiometricStatusDisplay Snapshot Tests renders correctly when biometrics are available with TouchID and keys exist 1`] = `
<View
  style={
    [
      {
        "backgroundColor": "#FFFFFF",
        "borderRadius": 16,
        "overflow": "hidden",
      },
      {
        "borderWidth": 0,
        "elevation": 8,
        "shadowColor": "#000",
        "shadowOffset": {
          "height": 4,
          "width": 0,
        },
        "shadowOpacity": 0.15,
        "shadowRadius": 8,
      },
      {
        "padding": 24,
      },
      false,
      {
        "marginVertical": 8,
      },
    ]
  }
>
  <Text
    style={
      {
        "color": "#000000",
        "fontSize": 24,
        "fontWeight": "700",
        "lineHeight": 28.799999999999997,
        "marginBottom": 24,
        "textAlign": "center",
      }
    }
  >
    Biometric Status
  </Text>
  <View
    style={
      {
        "gap": 16,
        "marginBottom": 24,
      }
    }
  >
    <View
      style={
        {
          "backgroundColor": "#F9F9FB",
          "borderColor": "#C6C6C8",
          "borderRadius": 12,
          "borderWidth": 1,
          "padding": 16,
        }
      }
    >
      <View
        style={
          {
            "alignItems": "center",
            "flexDirection": "row",
          }
        }
      >
        <View
          style={
            [
              {
                "alignItems": "center",
                "borderRadius": 20,
                "height": 40,
                "justifyContent": "center",
                "marginRight": 16,
                "width": 40,
              },
              {
                "backgroundColor": "#34C75915",
              },
            ]
          }
        >
          <Text
            style={
              {
                "fontSize": 20,
                "textAlign": "center",
              }
            }
          >
            ✅
          </Text>
        </View>
        <View
          style={
            {
              "flex": 1,
            }
          }
        >
          <Text
            style={
              {
                "color": "#6D6D80",
                "fontSize": 14,
                "fontWeight": "500",
                "lineHeight": 19.599999999999998,
                "marginBottom": 4,
              }
            }
          >
            Sensor Availability
          </Text>
          <Text
            style={
              [
                {
                  "color": "#000000",
                  "fontSize": 18,
                  "fontWeight": "600",
                  "lineHeight": 21.599999999999998,
                },
                {
                  "color": "#34C759",
                },
              ]
            }
          >
            Available
          </Text>
        </View>
      </View>
    </View>
    <View
      style={
        {
          "backgroundColor": "#F9F9FB",
          "borderColor": "#C6C6C8",
          "borderRadius": 12,
          "borderWidth": 1,
          "padding": 16,
        }
      }
    >
      <View
        style={
          {
            "alignItems": "center",
            "flexDirection": "row",
          }
        }
      >
        <View
          style={
            [
              {
                "alignItems": "center",
                "borderRadius": 20,
                "height": 40,
                "justifyContent": "center",
                "marginRight": 16,
                "width": 40,
              },
              {
                "backgroundColor": "#007AFF15",
              },
            ]
          }
        >
          <Text
            style={
              {
                "fontSize": 20,
                "textAlign": "center",
              }
            }
          >
            👆
          </Text>
        </View>
        <View
          style={
            {
              "flex": 1,
            }
          }
        >
          <Text
            style={
              {
                "color": "#6D6D80",
                "fontSize": 14,
                "fontWeight": "500",
                "lineHeight": 19.599999999999998,
                "marginBottom": 4,
              }
            }
          >
            Sensor Type
          </Text>
          <Text
            style={
              [
                {
                  "color": "#000000",
                  "fontSize": 18,
                  "fontWeight": "600",
                  "lineHeight": 21.599999999999998,
                },
                {
                  "color": "#007AFF",
                },
              ]
            }
          >
            Touch ID
          </Text>
        </View>
      </View>
    </View>
    <View
      style={
        {
          "backgroundColor": "#F9F9FB",
          "borderColor": "#C6C6C8",
          "borderRadius": 12,
          "borderWidth": 1,
          "padding": 16,
        }
      }
    >
      <View
        style={
          {
            "alignItems": "center",
            "flexDirection": "row",
          }
        }
      >
        <View
          style={
            [
              {
                "alignItems": "center",
                "borderRadius": 20,
                "height": 40,
                "justifyContent": "center",
                "marginRight": 16,
                "width": 40,
              },
              {
                "backgroundColor": "#34C75915",
              },
            ]
          }
        >
          <Text
            style={
              {
                "fontSize": 20,
                "textAlign": "center",
              }
            }
          >
            🔑
          </Text>
        </View>
        <View
          style={
            {
              "flex": 1,
            }
          }
        >
          <Text
            style={
              {
                "color": "#6D6D80",
                "fontSize": 14,
                "fontWeight": "500",
                "lineHeight": 19.599999999999998,
                "marginBottom": 4,
              }
            }
          >
            Biometric Keys
          </Text>
          <Text
            style={
              [
                {
                  "color": "#000000",
                  "fontSize": 18,
                  "fontWeight": "600",
                  "lineHeight": 21.599999999999998,
                },
                {
                  "color": "#34C759",
                },
              ]
            }
          >
            Keys Exist
          </Text>
        </View>
      </View>
    </View>
  </View>
  <View
    style={
      [
        {
          "backgroundColor": "#FFFFFF",
          "borderRadius": 16,
          "overflow": "hidden",
        },
        {
          "borderColor": "#C6C6C8",
          "borderWidth": 2,
          "elevation": 2,
          "shadowColor": "#000",
          "shadowOffset": {
            "height": 1,
            "width": 0,
          },
          "shadowOpacity": 0.1,
          "shadowRadius": 2,
        },
        {
          "padding": 16,
        },
        false,
        {
          "backgroundColor": "#007AFF08",
          "borderColor": "#007AFF",
        },
      ]
    }
  >
    <Text
      style={
        {
          "color": "#007AFF",
          "fontSize": 18,
          "fontWeight": "600",
          "lineHeight": 21.599999999999998,
          "marginBottom": 16,
        }
      }
    >
      Capability Summary
    </Text>
    <View
      style={
        {
          "gap": 8,
        }
      }
    >
      <View
        style={
          {
            "alignItems": "center",
            "flexDirection": "row",
          }
        }
      >
        <View
          style={
            [
              {
                "alignItems": "center",
                "borderRadius": 16,
                "height": 32,
                "justifyContent": "center",
                "marginRight": 16,
                "width": 32,
              },
              {
                "backgroundColor": "#34C75915",
              },
            ]
          }
        >
          <Text
            style={
              {
                "fontSize": 16,
                "textAlign": "center",
              }
            }
          >
            ✅
          </Text>
        </View>
        <Text
          style={
            {
              "color": "#000000",
              "flex": 1,
              "fontSize": 16,
              "lineHeight": 22.4,
            }
          }
        >
          Biometric authentication 
          supported
        </Text>
      </View>
      <View
        style={
          {
            "alignItems": "center",
            "flexDirection": "row",
          }
        }
      >
        <View
          style={
            [
              {
                "alignItems": "center",
                "borderRadius": 16,
                "height": 32,
                "justifyContent": "center",
                "marginRight": 16,
                "width": 32,
              },
              {
                "backgroundColor": "#34C75915",
              },
            ]
          }
        >
          <Text
            style={
              {
                "fontSize": 16,
                "textAlign": "center",
              }
            }
          >
            ✅
          </Text>
        </View>
        <Text
          style={
            {
              "color": "#000000",
              "flex": 1,
              "fontSize": 16,
              "lineHeight": 22.4,
            }
          }
        >
          Ready for validation
        </Text>
      </View>
    </View>
  </View>
</View>
`;

exports[`BiometricStatusDisplay Snapshot Tests renders correctly when biometrics are available with generic Biometrics and keys exist 1`] = `
<View
  style={
    [
      {
        "backgroundColor": "#FFFFFF",
        "borderRadius": 16,
        "overflow": "hidden",
      },
      {
        "borderWidth": 0,
        "elevation": 8,
        "shadowColor": "#000",
        "shadowOffset": {
          "height": 4,
          "width": 0,
        },
        "shadowOpacity": 0.15,
        "shadowRadius": 8,
      },
      {
        "padding": 24,
      },
      false,
      {
        "marginVertical": 8,
      },
    ]
  }
>
  <Text
    style={
      {
        "color": "#000000",
        "fontSize": 24,
        "fontWeight": "700",
        "lineHeight": 28.799999999999997,
        "marginBottom": 24,
        "textAlign": "center",
      }
    }
  >
    Biometric Status
  </Text>
  <View
    style={
      {
        "gap": 16,
        "marginBottom": 24,
      }
    }
  >
    <View
      style={
        {
          "backgroundColor": "#F9F9FB",
          "borderColor": "#C6C6C8",
          "borderRadius": 12,
          "borderWidth": 1,
          "padding": 16,
        }
      }
    >
      <View
        style={
          {
            "alignItems": "center",
            "flexDirection": "row",
          }
        }
      >
        <View
          style={
            [
              {
                "alignItems": "center",
                "borderRadius": 20,
                "height": 40,
                "justifyContent": "center",
                "marginRight": 16,
                "width": 40,
              },
              {
                "backgroundColor": "#34C75915",
              },
            ]
          }
        >
          <Text
            style={
              {
                "fontSize": 20,
                "textAlign": "center",
              }
            }
          >
            ✅
          </Text>
        </View>
        <View
          style={
            {
              "flex": 1,
            }
          }
        >
          <Text
            style={
              {
                "color": "#6D6D80",
                "fontSize": 14,
                "fontWeight": "500",
                "lineHeight": 19.599999999999998,
                "marginBottom": 4,
              }
            }
          >
            Sensor Availability
          </Text>
          <Text
            style={
              [
                {
                  "color": "#000000",
                  "fontSize": 18,
                  "fontWeight": "600",
                  "lineHeight": 21.599999999999998,
                },
                {
                  "color": "#34C759",
                },
              ]
            }
          >
            Available
          </Text>
        </View>
      </View>
    </View>
    <View
      style={
        {
          "backgroundColor": "#F9F9FB",
          "borderColor": "#C6C6C8",
          "borderRadius": 12,
          "borderWidth": 1,
          "padding": 16,
        }
      }
    >
      <View
        style={
          {
            "alignItems": "center",
            "flexDirection": "row",
          }
        }
      >
        <View
          style={
            [
              {
                "alignItems": "center",
                "borderRadius": 20,
                "height": 40,
                "justifyContent": "center",
                "marginRight": 16,
                "width": 40,
              },
              {
                "backgroundColor": "#007AFF15",
              },
            ]
          }
        >
          <Text
            style={
              {
                "fontSize": 20,
                "textAlign": "center",
              }
            }
          >
            🔐
          </Text>
        </View>
        <View
          style={
            {
              "flex": 1,
            }
          }
        >
          <Text
            style={
              {
                "color": "#6D6D80",
                "fontSize": 14,
                "fontWeight": "500",
                "lineHeight": 19.599999999999998,
                "marginBottom": 4,
              }
            }
          >
            Sensor Type
          </Text>
          <Text
            style={
              [
                {
                  "color": "#000000",
                  "fontSize": 18,
                  "fontWeight": "600",
                  "lineHeight": 21.599999999999998,
                },
                {
                  "color": "#007AFF",
                },
              ]
            }
          >
            Biometric Authentication
          </Text>
        </View>
      </View>
    </View>
    <View
      style={
        {
          "backgroundColor": "#F9F9FB",
          "borderColor": "#C6C6C8",
          "borderRadius": 12,
          "borderWidth": 1,
          "padding": 16,
        }
      }
    >
      <View
        style={
          {
            "alignItems": "center",
            "flexDirection": "row",
          }
        }
      >
        <View
          style={
            [
              {
                "alignItems": "center",
                "borderRadius": 20,
                "height": 40,
                "justifyContent": "center",
                "marginRight": 16,
                "width": 40,
              },
              {
                "backgroundColor": "#34C75915",
              },
            ]
          }
        >
          <Text
            style={
              {
                "fontSize": 20,
                "textAlign": "center",
              }
            }
          >
            🔑
          </Text>
        </View>
        <View
          style={
            {
              "flex": 1,
            }
          }
        >
          <Text
            style={
              {
                "color": "#6D6D80",
                "fontSize": 14,
                "fontWeight": "500",
                "lineHeight": 19.599999999999998,
                "marginBottom": 4,
              }
            }
          >
            Biometric Keys
          </Text>
          <Text
            style={
              [
                {
                  "color": "#000000",
                  "fontSize": 18,
                  "fontWeight": "600",
                  "lineHeight": 21.599999999999998,
                },
                {
                  "color": "#34C759",
                },
              ]
            }
          >
            Keys Exist
          </Text>
        </View>
      </View>
    </View>
  </View>
  <View
    style={
      [
        {
          "backgroundColor": "#FFFFFF",
          "borderRadius": 16,
          "overflow": "hidden",
        },
        {
          "borderColor": "#C6C6C8",
          "borderWidth": 2,
          "elevation": 2,
          "shadowColor": "#000",
          "shadowOffset": {
            "height": 1,
            "width": 0,
          },
          "shadowOpacity": 0.1,
          "shadowRadius": 2,
        },
        {
          "padding": 16,
        },
        false,
        {
          "backgroundColor": "#007AFF08",
          "borderColor": "#007AFF",
        },
      ]
    }
  >
    <Text
      style={
        {
          "color": "#007AFF",
          "fontSize": 18,
          "fontWeight": "600",
          "lineHeight": 21.599999999999998,
          "marginBottom": 16,
        }
      }
    >
      Capability Summary
    </Text>
    <View
      style={
        {
          "gap": 8,
        }
      }
    >
      <View
        style={
          {
            "alignItems": "center",
            "flexDirection": "row",
          }
        }
      >
        <View
          style={
            [
              {
                "alignItems": "center",
                "borderRadius": 16,
                "height": 32,
                "justifyContent": "center",
                "marginRight": 16,
                "width": 32,
              },
              {
                "backgroundColor": "#34C75915",
              },
            ]
          }
        >
          <Text
            style={
              {
                "fontSize": 16,
                "textAlign": "center",
              }
            }
          >
            ✅
          </Text>
        </View>
        <Text
          style={
            {
              "color": "#000000",
              "flex": 1,
              "fontSize": 16,
              "lineHeight": 22.4,
            }
          }
        >
          Biometric authentication 
          supported
        </Text>
      </View>
      <View
        style={
          {
            "alignItems": "center",
            "flexDirection": "row",
          }
        }
      >
        <View
          style={
            [
              {
                "alignItems": "center",
                "borderRadius": 16,
                "height": 32,
                "justifyContent": "center",
                "marginRight": 16,
                "width": 32,
              },
              {
                "backgroundColor": "#34C75915",
              },
            ]
          }
        >
          <Text
            style={
              {
                "fontSize": 16,
                "textAlign": "center",
              }
            }
          >
            ✅
          </Text>
        </View>
        <Text
          style={
            {
              "color": "#000000",
              "flex": 1,
              "fontSize": 16,
              "lineHeight": 22.4,
            }
          }
        >
          Ready for validation
        </Text>
      </View>
    </View>
  </View>
</View>
`;

exports[`BiometricStatusDisplay Snapshot Tests renders correctly when biometrics are not available 1`] = `
<View
  style={
    [
      {
        "backgroundColor": "#FFFFFF",
        "borderRadius": 16,
        "overflow": "hidden",
      },
      {
        "borderWidth": 0,
        "elevation": 8,
        "shadowColor": "#000",
        "shadowOffset": {
          "height": 4,
          "width": 0,
        },
        "shadowOpacity": 0.15,
        "shadowRadius": 8,
      },
      {
        "padding": 24,
      },
      false,
      {
        "marginVertical": 8,
      },
    ]
  }
>
  <Text
    style={
      {
        "color": "#000000",
        "fontSize": 24,
        "fontWeight": "700",
        "lineHeight": 28.799999999999997,
        "marginBottom": 24,
        "textAlign": "center",
      }
    }
  >
    Biometric Status
  </Text>
  <View
    style={
      {
        "gap": 16,
        "marginBottom": 24,
      }
    }
  >
    <View
      style={
        {
          "backgroundColor": "#F9F9FB",
          "borderColor": "#C6C6C8",
          "borderRadius": 12,
          "borderWidth": 1,
          "padding": 16,
        }
      }
    >
      <View
        style={
          {
            "alignItems": "center",
            "flexDirection": "row",
          }
        }
      >
        <View
          style={
            [
              {
                "alignItems": "center",
                "borderRadius": 20,
                "height": 40,
                "justifyContent": "center",
                "marginRight": 16,
                "width": 40,
              },
              {
                "backgroundColor": "#FF950015",
              },
            ]
          }
        >
          <Text
            style={
              {
                "fontSize": 20,
                "textAlign": "center",
              }
            }
          >
            ⚠️
          </Text>
        </View>
        <View
          style={
            {
              "flex": 1,
            }
          }
        >
          <Text
            style={
              {
                "color": "#6D6D80",
                "fontSize": 14,
                "fontWeight": "500",
                "lineHeight": 19.599999999999998,
                "marginBottom": 4,
              }
            }
          >
            Sensor Availability
          </Text>
          <Text
            style={
              [
                {
                  "color": "#000000",
                  "fontSize": 18,
                  "fontWeight": "600",
                  "lineHeight": 21.599999999999998,
                },
                {
                  "color": "#FF9500",
                },
              ]
            }
          >
            Not Available
          </Text>
        </View>
      </View>
    </View>
    <View
      style={
        {
          "backgroundColor": "#F9F9FB",
          "borderColor": "#C6C6C8",
          "borderRadius": 12,
          "borderWidth": 1,
          "padding": 16,
        }
      }
    >
      <View
        style={
          {
            "alignItems": "center",
            "flexDirection": "row",
          }
        }
      >
        <View
          style={
            [
              {
                "alignItems": "center",
                "borderRadius": 20,
                "height": 40,
                "justifyContent": "center",
                "marginRight": 16,
                "width": 40,
              },
              {
                "backgroundColor": "#007AFF15",
              },
            ]
          }
        >
          <Text
            style={
              {
                "fontSize": 20,
                "textAlign": "center",
              }
            }
          >
            🚫
          </Text>
        </View>
        <View
          style={
            {
              "flex": 1,
            }
          }
        >
          <Text
            style={
              {
                "color": "#6D6D80",
                "fontSize": 14,
                "fontWeight": "500",
                "lineHeight": 19.599999999999998,
                "marginBottom": 4,
              }
            }
          >
            Biometric Keys
          </Text>
          <Text
            style={
              [
                {
                  "color": "#000000",
                  "fontSize": 18,
                  "fontWeight": "600",
                  "lineHeight": 21.599999999999998,
                },
                {
                  "color": "#007AFF",
                },
              ]
            }
          >
            No Keys Found
          </Text>
        </View>
      </View>
    </View>
  </View>
  <View
    style={
      [
        {
          "backgroundColor": "#FFFFFF",
          "borderRadius": 16,
          "overflow": "hidden",
        },
        {
          "borderColor": "#C6C6C8",
          "borderWidth": 2,
          "elevation": 2,
          "shadowColor": "#000",
          "shadowOffset": {
            "height": 1,
            "width": 0,
          },
          "shadowOpacity": 0.1,
          "shadowRadius": 2,
        },
        {
          "padding": 16,
        },
        false,
        {
          "backgroundColor": "#007AFF08",
          "borderColor": "#007AFF",
        },
      ]
    }
  >
    <Text
      style={
        {
          "color": "#007AFF",
          "fontSize": 18,
          "fontWeight": "600",
          "lineHeight": 21.599999999999998,
          "marginBottom": 16,
        }
      }
    >
      Capability Summary
    </Text>
    <View
      style={
        {
          "gap": 8,
        }
      }
    >
      <View
        style={
          {
            "alignItems": "center",
            "flexDirection": "row",
          }
        }
      >
        <View
          style={
            [
              {
                "alignItems": "center",
                "borderRadius": 16,
                "height": 32,
                "justifyContent": "center",
                "marginRight": 16,
                "width": 32,
              },
              {
                "backgroundColor": "#FF3B3015",
              },
            ]
          }
        >
          <Text
            style={
              {
                "fontSize": 16,
                "textAlign": "center",
              }
            }
          >
            ❌
          </Text>
        </View>
        <Text
          style={
            {
              "color": "#000000",
              "flex": 1,
              "fontSize": 16,
              "lineHeight": 22.4,
            }
          }
        >
          Biometric authentication 
          not supported
        </Text>
      </View>
      <View
        style={
          {
            "alignItems": "center",
            "flexDirection": "row",
          }
        }
      >
        <View
          style={
            [
              {
                "alignItems": "center",
                "borderRadius": 16,
                "height": 32,
                "justifyContent": "center",
                "marginRight": 16,
                "width": 32,
              },
              {
                "backgroundColor": "#FF950015",
              },
            ]
          }
        >
          <Text
            style={
              {
                "fontSize": 16,
                "textAlign": "center",
              }
            }
          >
            ⚠️
          </Text>
        </View>
        <Text
          style={
            {
              "color": "#000000",
              "flex": 1,
              "fontSize": 16,
              "lineHeight": 22.4,
            }
          }
        >
          Enrollment required
        </Text>
      </View>
    </View>
  </View>
</View>
`;

exports[`BiometricStatusDisplay Snapshot Tests renders correctly with error state 1`] = `
<View
  style={
    [
      {
        "backgroundColor": "#FFFFFF",
        "borderRadius": 16,
        "overflow": "hidden",
      },
      {
        "borderWidth": 0,
        "elevation": 8,
        "shadowColor": "#000",
        "shadowOffset": {
          "height": 4,
          "width": 0,
        },
        "shadowOpacity": 0.15,
        "shadowRadius": 8,
      },
      {
        "padding": 24,
      },
      false,
      {
        "marginVertical": 8,
      },
    ]
  }
>
  <Text
    style={
      {
        "color": "#000000",
        "fontSize": 24,
        "fontWeight": "700",
        "lineHeight": 28.799999999999997,
        "marginBottom": 24,
        "textAlign": "center",
      }
    }
  >
    Biometric Status
  </Text>
  <View
    style={
      {
        "gap": 16,
        "marginBottom": 24,
      }
    }
  >
    <View
      style={
        {
          "backgroundColor": "#F9F9FB",
          "borderColor": "#C6C6C8",
          "borderRadius": 12,
          "borderWidth": 1,
          "padding": 16,
        }
      }
    >
      <View
        style={
          {
            "alignItems": "center",
            "flexDirection": "row",
          }
        }
      >
        <View
          style={
            [
              {
                "alignItems": "center",
                "borderRadius": 20,
                "height": 40,
                "justifyContent": "center",
                "marginRight": 16,
                "width": 40,
              },
              {
                "backgroundColor": "#FF3B3015",
              },
            ]
          }
        >
          <Text
            style={
              {
                "fontSize": 20,
                "textAlign": "center",
              }
            }
          >
            ❌
          </Text>
        </View>
        <View
          style={
            {
              "flex": 1,
            }
          }
        >
          <Text
            style={
              {
                "color": "#6D6D80",
                "fontSize": 14,
                "fontWeight": "500",
                "lineHeight": 19.599999999999998,
                "marginBottom": 4,
              }
            }
          >
            Sensor Availability
          </Text>
          <Text
            style={
              [
                {
                  "color": "#000000",
                  "fontSize": 18,
                  "fontWeight": "600",
                  "lineHeight": 21.599999999999998,
                },
                {
                  "color": "#FF3B30",
                },
              ]
            }
          >
            Not Available
          </Text>
        </View>
      </View>
    </View>
    <View
      style={
        {
          "backgroundColor": "#F9F9FB",
          "borderColor": "#C6C6C8",
          "borderRadius": 12,
          "borderWidth": 1,
          "padding": 16,
        }
      }
    >
      <View
        style={
          {
            "alignItems": "center",
            "flexDirection": "row",
          }
        }
      >
        <View
          style={
            [
              {
                "alignItems": "center",
                "borderRadius": 20,
                "height": 40,
                "justifyContent": "center",
                "marginRight": 16,
                "width": 40,
              },
              {
                "backgroundColor": "#007AFF15",
              },
            ]
          }
        >
          <Text
            style={
              {
                "fontSize": 20,
                "textAlign": "center",
              }
            }
          >
            🚫
          </Text>
        </View>
        <View
          style={
            {
              "flex": 1,
            }
          }
        >
          <Text
            style={
              {
                "color": "#6D6D80",
                "fontSize": 14,
                "fontWeight": "500",
                "lineHeight": 19.599999999999998,
                "marginBottom": 4,
              }
            }
          >
            Biometric Keys
          </Text>
          <Text
            style={
              [
                {
                  "color": "#000000",
                  "fontSize": 18,
                  "fontWeight": "600",
                  "lineHeight": 21.599999999999998,
                },
                {
                  "color": "#007AFF",
                },
              ]
            }
          >
            No Keys Found
          </Text>
        </View>
      </View>
    </View>
  </View>
  <View
    style={
      [
        {
          "backgroundColor": "#FFFFFF",
          "borderRadius": 16,
          "overflow": "hidden",
        },
        {
          "borderColor": "#C6C6C8",
          "borderWidth": 2,
          "elevation": 2,
          "shadowColor": "#000",
          "shadowOffset": {
            "height": 1,
            "width": 0,
          },
          "shadowOpacity": 0.1,
          "shadowRadius": 2,
        },
        {
          "padding": 16,
        },
        false,
        {
          "backgroundColor": "#FF3B3008",
          "borderColor": "#FF3B30",
          "marginBottom": 24,
        },
      ]
    }
  >
    <View
      style={
        {
          "alignItems": "center",
          "flexDirection": "row",
          "marginBottom": 8,
        }
      }
    >
      <View
        style={
          [
            {
              "alignItems": "center",
              "borderRadius": 20,
              "height": 40,
              "justifyContent": "center",
              "marginRight": 16,
              "width": 40,
            },
            {
              "backgroundColor": "#FF3B3015",
            },
          ]
        }
      >
        <Text
          style={
            {
              "fontSize": 20,
              "textAlign": "center",
            }
          }
        >
          ⚠️
        </Text>
      </View>
      <Text
        style={
          {
            "color": "#FF3B30",
            "fontSize": 18,
            "fontWeight": "600",
            "lineHeight": 21.599999999999998,
          }
        }
      >
        Error Details
      </Text>
    </View>
    <Text
      style={
        {
          "color": "#FF3B30",
          "fontSize": 16,
          "lineHeight": 25.6,
        }
      }
    >
      Biometric hardware not available on this device
    </Text>
  </View>
  <View
    style={
      [
        {
          "backgroundColor": "#FFFFFF",
          "borderRadius": 16,
          "overflow": "hidden",
        },
        {
          "borderColor": "#C6C6C8",
          "borderWidth": 2,
          "elevation": 2,
          "shadowColor": "#000",
          "shadowOffset": {
            "height": 1,
            "width": 0,
          },
          "shadowOpacity": 0.1,
          "shadowRadius": 2,
        },
        {
          "padding": 16,
        },
        false,
        {
          "backgroundColor": "#007AFF08",
          "borderColor": "#007AFF",
        },
      ]
    }
  >
    <Text
      style={
        {
          "color": "#007AFF",
          "fontSize": 18,
          "fontWeight": "600",
          "lineHeight": 21.599999999999998,
          "marginBottom": 16,
        }
      }
    >
      Capability Summary
    </Text>
    <View
      style={
        {
          "gap": 8,
        }
      }
    >
      <View
        style={
          {
            "alignItems": "center",
            "flexDirection": "row",
          }
        }
      >
        <View
          style={
            [
              {
                "alignItems": "center",
                "borderRadius": 16,
                "height": 32,
                "justifyContent": "center",
                "marginRight": 16,
                "width": 32,
              },
              {
                "backgroundColor": "#FF3B3015",
              },
            ]
          }
        >
          <Text
            style={
              {
                "fontSize": 16,
                "textAlign": "center",
              }
            }
          >
            ❌
          </Text>
        </View>
        <Text
          style={
            {
              "color": "#000000",
              "flex": 1,
              "fontSize": 16,
              "lineHeight": 22.4,
            }
          }
        >
          Biometric authentication 
          not supported
        </Text>
      </View>
      <View
        style={
          {
            "alignItems": "center",
            "flexDirection": "row",
          }
        }
      >
        <View
          style={
            [
              {
                "alignItems": "center",
                "borderRadius": 16,
                "height": 32,
                "justifyContent": "center",
                "marginRight": 16,
                "width": 32,
              },
              {
                "backgroundColor": "#FF950015",
              },
            ]
          }
        >
          <Text
            style={
              {
                "fontSize": 16,
                "textAlign": "center",
              }
            }
          >
            ⚠️
          </Text>
        </View>
        <Text
          style={
            {
              "color": "#000000",
              "flex": 1,
              "fontSize": 16,
              "lineHeight": 22.4,
            }
          }
        >
          Enrollment required
        </Text>
      </View>
    </View>
  </View>
</View>
`;

exports[`BiometricStatusDisplay Snapshot Tests renders correctly with error state but biometrics available 1`] = `
<View
  style={
    [
      {
        "backgroundColor": "#FFFFFF",
        "borderRadius": 16,
        "overflow": "hidden",
      },
      {
        "borderWidth": 0,
        "elevation": 8,
        "shadowColor": "#000",
        "shadowOffset": {
          "height": 4,
          "width": 0,
        },
        "shadowOpacity": 0.15,
        "shadowRadius": 8,
      },
      {
        "padding": 24,
      },
      false,
      {
        "marginVertical": 8,
      },
    ]
  }
>
  <Text
    style={
      {
        "color": "#000000",
        "fontSize": 24,
        "fontWeight": "700",
        "lineHeight": 28.799999999999997,
        "marginBottom": 24,
        "textAlign": "center",
      }
    }
  >
    Biometric Status
  </Text>
  <View
    style={
      {
        "gap": 16,
        "marginBottom": 24,
      }
    }
  >
    <View
      style={
        {
          "backgroundColor": "#F9F9FB",
          "borderColor": "#C6C6C8",
          "borderRadius": 12,
          "borderWidth": 1,
          "padding": 16,
        }
      }
    >
      <View
        style={
          {
            "alignItems": "center",
            "flexDirection": "row",
          }
        }
      >
        <View
          style={
            [
              {
                "alignItems": "center",
                "borderRadius": 20,
                "height": 40,
                "justifyContent": "center",
                "marginRight": 16,
                "width": 40,
              },
              {
                "backgroundColor": "#FF3B3015",
              },
            ]
          }
        >
          <Text
            style={
              {
                "fontSize": 20,
                "textAlign": "center",
              }
            }
          >
            ❌
          </Text>
        </View>
        <View
          style={
            {
              "flex": 1,
            }
          }
        >
          <Text
            style={
              {
                "color": "#6D6D80",
                "fontSize": 14,
                "fontWeight": "500",
                "lineHeight": 19.599999999999998,
                "marginBottom": 4,
              }
            }
          >
            Sensor Availability
          </Text>
          <Text
            style={
              [
                {
                  "color": "#000000",
                  "fontSize": 18,
                  "fontWeight": "600",
                  "lineHeight": 21.599999999999998,
                },
                {
                  "color": "#FF3B30",
                },
              ]
            }
          >
            Available
          </Text>
        </View>
      </View>
    </View>
    <View
      style={
        {
          "backgroundColor": "#F9F9FB",
          "borderColor": "#C6C6C8",
          "borderRadius": 12,
          "borderWidth": 1,
          "padding": 16,
        }
      }
    >
      <View
        style={
          {
            "alignItems": "center",
            "flexDirection": "row",
          }
        }
      >
        <View
          style={
            [
              {
                "alignItems": "center",
                "borderRadius": 20,
                "height": 40,
                "justifyContent": "center",
                "marginRight": 16,
                "width": 40,
              },
              {
                "backgroundColor": "#007AFF15",
              },
            ]
          }
        >
          <Text
            style={
              {
                "fontSize": 20,
                "textAlign": "center",
              }
            }
          >
            👆
          </Text>
        </View>
        <View
          style={
            {
              "flex": 1,
            }
          }
        >
          <Text
            style={
              {
                "color": "#6D6D80",
                "fontSize": 14,
                "fontWeight": "500",
                "lineHeight": 19.599999999999998,
                "marginBottom": 4,
              }
            }
          >
            Sensor Type
          </Text>
          <Text
            style={
              [
                {
                  "color": "#000000",
                  "fontSize": 18,
                  "fontWeight": "600",
                  "lineHeight": 21.599999999999998,
                },
                {
                  "color": "#007AFF",
                },
              ]
            }
          >
            Touch ID
          </Text>
        </View>
      </View>
    </View>
    <View
      style={
        {
          "backgroundColor": "#F9F9FB",
          "borderColor": "#C6C6C8",
          "borderRadius": 12,
          "borderWidth": 1,
          "padding": 16,
        }
      }
    >
      <View
        style={
          {
            "alignItems": "center",
            "flexDirection": "row",
          }
        }
      >
        <View
          style={
            [
              {
                "alignItems": "center",
                "borderRadius": 20,
                "height": 40,
                "justifyContent": "center",
                "marginRight": 16,
                "width": 40,
              },
              {
                "backgroundColor": "#007AFF15",
              },
            ]
          }
        >
          <Text
            style={
              {
                "fontSize": 20,
                "textAlign": "center",
              }
            }
          >
            🚫
          </Text>
        </View>
        <View
          style={
            {
              "flex": 1,
            }
          }
        >
          <Text
            style={
              {
                "color": "#6D6D80",
                "fontSize": 14,
                "fontWeight": "500",
                "lineHeight": 19.599999999999998,
                "marginBottom": 4,
              }
            }
          >
            Biometric Keys
          </Text>
          <Text
            style={
              [
                {
                  "color": "#000000",
                  "fontSize": 18,
                  "fontWeight": "600",
                  "lineHeight": 21.599999999999998,
                },
                {
                  "color": "#007AFF",
                },
              ]
            }
          >
            No Keys Found
          </Text>
        </View>
      </View>
    </View>
  </View>
  <View
    style={
      [
        {
          "backgroundColor": "#FFFFFF",
          "borderRadius": 16,
          "overflow": "hidden",
        },
        {
          "borderColor": "#C6C6C8",
          "borderWidth": 2,
          "elevation": 2,
          "shadowColor": "#000",
          "shadowOffset": {
            "height": 1,
            "width": 0,
          },
          "shadowOpacity": 0.1,
          "shadowRadius": 2,
        },
        {
          "padding": 16,
        },
        false,
        {
          "backgroundColor": "#FF3B3008",
          "borderColor": "#FF3B30",
          "marginBottom": 24,
        },
      ]
    }
  >
    <View
      style={
        {
          "alignItems": "center",
          "flexDirection": "row",
          "marginBottom": 8,
        }
      }
    >
      <View
        style={
          [
            {
              "alignItems": "center",
              "borderRadius": 20,
              "height": 40,
              "justifyContent": "center",
              "marginRight": 16,
              "width": 40,
            },
            {
              "backgroundColor": "#FF3B3015",
            },
          ]
        }
      >
        <Text
          style={
            {
              "fontSize": 20,
              "textAlign": "center",
            }
          }
        >
          ⚠️
        </Text>
      </View>
      <Text
        style={
          {
            "color": "#FF3B30",
            "fontSize": 18,
            "fontWeight": "600",
            "lineHeight": 21.599999999999998,
          }
        }
      >
        Error Details
      </Text>
    </View>
    <Text
      style={
        {
          "color": "#FF3B30",
          "fontSize": 16,
          "lineHeight": 25.6,
        }
      }
    >
      Failed to check key existence
    </Text>
  </View>
  <View
    style={
      [
        {
          "backgroundColor": "#FFFFFF",
          "borderRadius": 16,
          "overflow": "hidden",
        },
        {
          "borderColor": "#C6C6C8",
          "borderWidth": 2,
          "elevation": 2,
          "shadowColor": "#000",
          "shadowOffset": {
            "height": 1,
            "width": 0,
          },
          "shadowOpacity": 0.1,
          "shadowRadius": 2,
        },
        {
          "padding": 16,
        },
        false,
        {
          "backgroundColor": "#007AFF08",
          "borderColor": "#007AFF",
        },
      ]
    }
  >
    <Text
      style={
        {
          "color": "#007AFF",
          "fontSize": 18,
          "fontWeight": "600",
          "lineHeight": 21.599999999999998,
          "marginBottom": 16,
        }
      }
    >
      Capability Summary
    </Text>
    <View
      style={
        {
          "gap": 8,
        }
      }
    >
      <View
        style={
          {
            "alignItems": "center",
            "flexDirection": "row",
          }
        }
      >
        <View
          style={
            [
              {
                "alignItems": "center",
                "borderRadius": 16,
                "height": 32,
                "justifyContent": "center",
                "marginRight": 16,
                "width": 32,
              },
              {
                "backgroundColor": "#34C75915",
              },
            ]
          }
        >
          <Text
            style={
              {
                "fontSize": 16,
                "textAlign": "center",
              }
            }
          >
            ✅
          </Text>
        </View>
        <Text
          style={
            {
              "color": "#000000",
              "flex": 1,
              "fontSize": 16,
              "lineHeight": 22.4,
            }
          }
        >
          Biometric authentication 
          supported
        </Text>
      </View>
      <View
        style={
          {
            "alignItems": "center",
            "flexDirection": "row",
          }
        }
      >
        <View
          style={
            [
              {
                "alignItems": "center",
                "borderRadius": 16,
                "height": 32,
                "justifyContent": "center",
                "marginRight": 16,
                "width": 32,
              },
              {
                "backgroundColor": "#FF950015",
              },
            ]
          }
        >
          <Text
            style={
              {
                "fontSize": 16,
                "textAlign": "center",
              }
            }
          >
            ⚠️
          </Text>
        </View>
        <Text
          style={
            {
              "color": "#000000",
              "flex": 1,
              "fontSize": 16,
              "lineHeight": 22.4,
            }
          }
        >
          Enrollment required
        </Text>
      </View>
      <View
        style={
          {
            "alignItems": "center",
            "flexDirection": "row",
          }
        }
      >
        <View
          style={
            [
              {
                "alignItems": "center",
                "borderRadius": 16,
                "height": 32,
                "justifyContent": "center",
                "marginRight": 16,
                "width": 32,
              },
              {
                "backgroundColor": "#007AFF15",
              },
            ]
          }
        >
          <Text
            style={
              {
                "fontSize": 16,
                "textAlign": "center",
              }
            }
          >
            💡
          </Text>
        </View>
        <Text
          style={
            {
              "color": "#000000",
              "flex": 1,
              "fontSize": 16,
              "lineHeight": 22.4,
            }
          }
        >
          Tap "Enroll" to create biometric keys
        </Text>
      </View>
    </View>
  </View>
</View>
`;

exports[`BiometricStatusDisplay Snapshot Tests renders correctly with long error message 1`] = `
<View
  style={
    [
      {
        "backgroundColor": "#FFFFFF",
        "borderRadius": 16,
        "overflow": "hidden",
      },
      {
        "borderWidth": 0,
        "elevation": 8,
        "shadowColor": "#000",
        "shadowOffset": {
          "height": 4,
          "width": 0,
        },
        "shadowOpacity": 0.15,
        "shadowRadius": 8,
      },
      {
        "padding": 24,
      },
      false,
      {
        "marginVertical": 8,
      },
    ]
  }
>
  <Text
    style={
      {
        "color": "#000000",
        "fontSize": 24,
        "fontWeight": "700",
        "lineHeight": 28.799999999999997,
        "marginBottom": 24,
        "textAlign": "center",
      }
    }
  >
    Biometric Status
  </Text>
  <View
    style={
      {
        "gap": 16,
        "marginBottom": 24,
      }
    }
  >
    <View
      style={
        {
          "backgroundColor": "#F9F9FB",
          "borderColor": "#C6C6C8",
          "borderRadius": 12,
          "borderWidth": 1,
          "padding": 16,
        }
      }
    >
      <View
        style={
          {
            "alignItems": "center",
            "flexDirection": "row",
          }
        }
      >
        <View
          style={
            [
              {
                "alignItems": "center",
                "borderRadius": 20,
                "height": 40,
                "justifyContent": "center",
                "marginRight": 16,
                "width": 40,
              },
              {
                "backgroundColor": "#FF3B3015",
              },
            ]
          }
        >
          <Text
            style={
              {
                "fontSize": 20,
                "textAlign": "center",
              }
            }
          >
            ❌
          </Text>
        </View>
        <View
          style={
            {
              "flex": 1,
            }
          }
        >
          <Text
            style={
              {
                "color": "#6D6D80",
                "fontSize": 14,
                "fontWeight": "500",
                "lineHeight": 19.599999999999998,
                "marginBottom": 4,
              }
            }
          >
            Sensor Availability
          </Text>
          <Text
            style={
              [
                {
                  "color": "#000000",
                  "fontSize": 18,
                  "fontWeight": "600",
                  "lineHeight": 21.599999999999998,
                },
                {
                  "color": "#FF3B30",
                },
              ]
            }
          >
            Not Available
          </Text>
        </View>
      </View>
    </View>
    <View
      style={
        {
          "backgroundColor": "#F9F9FB",
          "borderColor": "#C6C6C8",
          "borderRadius": 12,
          "borderWidth": 1,
          "padding": 16,
        }
      }
    >
      <View
        style={
          {
            "alignItems": "center",
            "flexDirection": "row",
          }
        }
      >
        <View
          style={
            [
              {
                "alignItems": "center",
                "borderRadius": 20,
                "height": 40,
                "justifyContent": "center",
                "marginRight": 16,
                "width": 40,
              },
              {
                "backgroundColor": "#007AFF15",
              },
            ]
          }
        >
          <Text
            style={
              {
                "fontSize": 20,
                "textAlign": "center",
              }
            }
          >
            🚫
          </Text>
        </View>
        <View
          style={
            {
              "flex": 1,
            }
          }
        >
          <Text
            style={
              {
                "color": "#6D6D80",
                "fontSize": 14,
                "fontWeight": "500",
                "lineHeight": 19.599999999999998,
                "marginBottom": 4,
              }
            }
          >
            Biometric Keys
          </Text>
          <Text
            style={
              [
                {
                  "color": "#000000",
                  "fontSize": 18,
                  "fontWeight": "600",
                  "lineHeight": 21.599999999999998,
                },
                {
                  "color": "#007AFF",
                },
              ]
            }
          >
            No Keys Found
          </Text>
        </View>
      </View>
    </View>
  </View>
  <View
    style={
      [
        {
          "backgroundColor": "#FFFFFF",
          "borderRadius": 16,
          "overflow": "hidden",
        },
        {
          "borderColor": "#C6C6C8",
          "borderWidth": 2,
          "elevation": 2,
          "shadowColor": "#000",
          "shadowOffset": {
            "height": 1,
            "width": 0,
          },
          "shadowOpacity": 0.1,
          "shadowRadius": 2,
        },
        {
          "padding": 16,
        },
        false,
        {
          "backgroundColor": "#FF3B3008",
          "borderColor": "#FF3B30",
          "marginBottom": 24,
        },
      ]
    }
  >
    <View
      style={
        {
          "alignItems": "center",
          "flexDirection": "row",
          "marginBottom": 8,
        }
      }
    >
      <View
        style={
          [
            {
              "alignItems": "center",
              "borderRadius": 20,
              "height": 40,
              "justifyContent": "center",
              "marginRight": 16,
              "width": 40,
            },
            {
              "backgroundColor": "#FF3B3015",
            },
          ]
        }
      >
        <Text
          style={
            {
              "fontSize": 20,
              "textAlign": "center",
            }
          }
        >
          ⚠️
        </Text>
      </View>
      <Text
        style={
          {
            "color": "#FF3B30",
            "fontSize": 18,
            "fontWeight": "600",
            "lineHeight": 21.599999999999998,
          }
        }
      >
        Error Details
      </Text>
    </View>
    <Text
      style={
        {
          "color": "#FF3B30",
          "fontSize": 16,
          "lineHeight": 25.6,
        }
      }
    >
      This is a very long error message that should wrap properly and display all the details about what went wrong during the biometric operation. It includes technical details and user-friendly explanations.
    </Text>
  </View>
  <View
    style={
      [
        {
          "backgroundColor": "#FFFFFF",
          "borderRadius": 16,
          "overflow": "hidden",
        },
        {
          "borderColor": "#C6C6C8",
          "borderWidth": 2,
          "elevation": 2,
          "shadowColor": "#000",
          "shadowOffset": {
            "height": 1,
            "width": 0,
          },
          "shadowOpacity": 0.1,
          "shadowRadius": 2,
        },
        {
          "padding": 16,
        },
        false,
        {
          "backgroundColor": "#007AFF08",
          "borderColor": "#007AFF",
        },
      ]
    }
  >
    <Text
      style={
        {
          "color": "#007AFF",
          "fontSize": 18,
          "fontWeight": "600",
          "lineHeight": 21.599999999999998,
          "marginBottom": 16,
        }
      }
    >
      Capability Summary
    </Text>
    <View
      style={
        {
          "gap": 8,
        }
      }
    >
      <View
        style={
          {
            "alignItems": "center",
            "flexDirection": "row",
          }
        }
      >
        <View
          style={
            [
              {
                "alignItems": "center",
                "borderRadius": 16,
                "height": 32,
                "justifyContent": "center",
                "marginRight": 16,
                "width": 32,
              },
              {
                "backgroundColor": "#FF3B3015",
              },
            ]
          }
        >
          <Text
            style={
              {
                "fontSize": 16,
                "textAlign": "center",
              }
            }
          >
            ❌
          </Text>
        </View>
        <Text
          style={
            {
              "color": "#000000",
              "flex": 1,
              "fontSize": 16,
              "lineHeight": 22.4,
            }
          }
        >
          Biometric authentication 
          not supported
        </Text>
      </View>
      <View
        style={
          {
            "alignItems": "center",
            "flexDirection": "row",
          }
        }
      >
        <View
          style={
            [
              {
                "alignItems": "center",
                "borderRadius": 16,
                "height": 32,
                "justifyContent": "center",
                "marginRight": 16,
                "width": 32,
              },
              {
                "backgroundColor": "#FF950015",
              },
            ]
          }
        >
          <Text
            style={
              {
                "fontSize": 16,
                "textAlign": "center",
              }
            }
          >
            ⚠️
          </Text>
        </View>
        <Text
          style={
            {
              "color": "#000000",
              "flex": 1,
              "fontSize": 16,
              "lineHeight": 22.4,
            }
          }
        >
          Enrollment required
        </Text>
      </View>
    </View>
  </View>
</View>
`;

exports[`BiometricStatusDisplay Snapshot Tests renders correctly with undefined biometry type but available 1`] = `
<View
  style={
    [
      {
        "backgroundColor": "#FFFFFF",
        "borderRadius": 16,
        "overflow": "hidden",
      },
      {
        "borderWidth": 0,
        "elevation": 8,
        "shadowColor": "#000",
        "shadowOffset": {
          "height": 4,
          "width": 0,
        },
        "shadowOpacity": 0.15,
        "shadowRadius": 8,
      },
      {
        "padding": 24,
      },
      false,
      {
        "marginVertical": 8,
      },
    ]
  }
>
  <Text
    style={
      {
        "color": "#000000",
        "fontSize": 24,
        "fontWeight": "700",
        "lineHeight": 28.799999999999997,
        "marginBottom": 24,
        "textAlign": "center",
      }
    }
  >
    Biometric Status
  </Text>
  <View
    style={
      {
        "gap": 16,
        "marginBottom": 24,
      }
    }
  >
    <View
      style={
        {
          "backgroundColor": "#F9F9FB",
          "borderColor": "#C6C6C8",
          "borderRadius": 12,
          "borderWidth": 1,
          "padding": 16,
        }
      }
    >
      <View
        style={
          {
            "alignItems": "center",
            "flexDirection": "row",
          }
        }
      >
        <View
          style={
            [
              {
                "alignItems": "center",
                "borderRadius": 20,
                "height": 40,
                "justifyContent": "center",
                "marginRight": 16,
                "width": 40,
              },
              {
                "backgroundColor": "#34C75915",
              },
            ]
          }
        >
          <Text
            style={
              {
                "fontSize": 20,
                "textAlign": "center",
              }
            }
          >
            ✅
          </Text>
        </View>
        <View
          style={
            {
              "flex": 1,
            }
          }
        >
          <Text
            style={
              {
                "color": "#6D6D80",
                "fontSize": 14,
                "fontWeight": "500",
                "lineHeight": 19.599999999999998,
                "marginBottom": 4,
              }
            }
          >
            Sensor Availability
          </Text>
          <Text
            style={
              [
                {
                  "color": "#000000",
                  "fontSize": 18,
                  "fontWeight": "600",
                  "lineHeight": 21.599999999999998,
                },
                {
                  "color": "#34C759",
                },
              ]
            }
          >
            Available
          </Text>
        </View>
      </View>
    </View>
    <View
      style={
        {
          "backgroundColor": "#F9F9FB",
          "borderColor": "#C6C6C8",
          "borderRadius": 12,
          "borderWidth": 1,
          "padding": 16,
        }
      }
    >
      <View
        style={
          {
            "alignItems": "center",
            "flexDirection": "row",
          }
        }
      >
        <View
          style={
            [
              {
                "alignItems": "center",
                "borderRadius": 20,
                "height": 40,
                "justifyContent": "center",
                "marginRight": 16,
                "width": 40,
              },
              {
                "backgroundColor": "#007AFF15",
              },
            ]
          }
        >
          <Text
            style={
              {
                "fontSize": 20,
                "textAlign": "center",
              }
            }
          >
            🚫
          </Text>
        </View>
        <View
          style={
            {
              "flex": 1,
            }
          }
        >
          <Text
            style={
              {
                "color": "#6D6D80",
                "fontSize": 14,
                "fontWeight": "500",
                "lineHeight": 19.599999999999998,
                "marginBottom": 4,
              }
            }
          >
            Biometric Keys
          </Text>
          <Text
            style={
              [
                {
                  "color": "#000000",
                  "fontSize": 18,
                  "fontWeight": "600",
                  "lineHeight": 21.599999999999998,
                },
                {
                  "color": "#007AFF",
                },
              ]
            }
          >
            No Keys Found
          </Text>
        </View>
      </View>
    </View>
  </View>
  <View
    style={
      [
        {
          "backgroundColor": "#FFFFFF",
          "borderRadius": 16,
          "overflow": "hidden",
        },
        {
          "borderColor": "#C6C6C8",
          "borderWidth": 2,
          "elevation": 2,
          "shadowColor": "#000",
          "shadowOffset": {
            "height": 1,
            "width": 0,
          },
          "shadowOpacity": 0.1,
          "shadowRadius": 2,
        },
        {
          "padding": 16,
        },
        false,
        {
          "backgroundColor": "#007AFF08",
          "borderColor": "#007AFF",
        },
      ]
    }
  >
    <Text
      style={
        {
          "color": "#007AFF",
          "fontSize": 18,
          "fontWeight": "600",
          "lineHeight": 21.599999999999998,
          "marginBottom": 16,
        }
      }
    >
      Capability Summary
    </Text>
    <View
      style={
        {
          "gap": 8,
        }
      }
    >
      <View
        style={
          {
            "alignItems": "center",
            "flexDirection": "row",
          }
        }
      >
        <View
          style={
            [
              {
                "alignItems": "center",
                "borderRadius": 16,
                "height": 32,
                "justifyContent": "center",
                "marginRight": 16,
                "width": 32,
              },
              {
                "backgroundColor": "#34C75915",
              },
            ]
          }
        >
          <Text
            style={
              {
                "fontSize": 16,
                "textAlign": "center",
              }
            }
          >
            ✅
          </Text>
        </View>
        <Text
          style={
            {
              "color": "#000000",
              "flex": 1,
              "fontSize": 16,
              "lineHeight": 22.4,
            }
          }
        >
          Biometric authentication 
          supported
        </Text>
      </View>
      <View
        style={
          {
            "alignItems": "center",
            "flexDirection": "row",
          }
        }
      >
        <View
          style={
            [
              {
                "alignItems": "center",
                "borderRadius": 16,
                "height": 32,
                "justifyContent": "center",
                "marginRight": 16,
                "width": 32,
              },
              {
                "backgroundColor": "#FF950015",
              },
            ]
          }
        >
          <Text
            style={
              {
                "fontSize": 16,
                "textAlign": "center",
              }
            }
          >
            ⚠️
          </Text>
        </View>
        <Text
          style={
            {
              "color": "#000000",
              "flex": 1,
              "fontSize": 16,
              "lineHeight": 22.4,
            }
          }
        >
          Enrollment required
        </Text>
      </View>
      <View
        style={
          {
            "alignItems": "center",
            "flexDirection": "row",
          }
        }
      >
        <View
          style={
            [
              {
                "alignItems": "center",
                "borderRadius": 16,
                "height": 32,
                "justifyContent": "center",
                "marginRight": 16,
                "width": 32,
              },
              {
                "backgroundColor": "#007AFF15",
              },
            ]
          }
        >
          <Text
            style={
              {
                "fontSize": 16,
                "textAlign": "center",
              }
            }
          >
            💡
          </Text>
        </View>
        <Text
          style={
            {
              "color": "#000000",
              "flex": 1,
              "fontSize": 16,
              "lineHeight": 22.4,
            }
          }
        >
          Tap "Enroll" to create biometric keys
        </Text>
      </View>
    </View>
  </View>
</View>
`;
